INFO:     Started server process [18276]
INFO:     Waiting for application startup.
INFO:     Application startup complete.
INFO:     Uvicorn running on http://127.0.0.1:8765 (Press CTRL+C to quit)
INFO:     127.0.0.1:60224 - "GET /healthz HTTP/1.1" 200 OK
INFO:     127.0.0.1:60232 - "GET /api/diagnostics HTTP/1.1" 200 OK
INFO:     127.0.0.1:60237 - "GET /lineage/reference/RHACO_Card_YAML_Schema_Specification_v1_8.card.yaml HTTP/1.1" 200 OK
INFO:     127.0.0.1:60237 - "GET /static/web/app.css HTTP/1.1" 200 OK
INFO:     127.0.0.1:60239 - "GET /static/web/app.js HTTP/1.1" 200 OK
INFO:     127.0.0.1:60238 - "GET /static/lineage/lineage.css HTTP/1.1" 200 OK
INFO:     127.0.0.1:60240 - "GET /static/lineage/lineage.js HTTP/1.1" 200 OK
INFO:     127.0.0.1:60240 - "GET /doc/reference/RHACO_Card_YAML_Schema_Specification_v1_8.card.yaml HTTP/1.1" 500 Internal Server Error
ERROR:    Exception in ASGI application
Traceback (most recent call last):
  File "C:\highsierralabs\RHACO_Corpus_Explorer\.venv\Lib\site-packages\uvicorn\protocols\http\h11_impl.py", line 416, in run_asgi
    result = await app(  # type: ignore[func-returns-value]
             ^^^^^^^^^^^^^^^^^^^^^^^^^^^^^^^^^^^^^^^^^^^^^^
        self.scope, self.receive, self.send
        ^^^^^^^^^^^^^^^^^^^^^^^^^^^^^^^^^^^
    )
    ^
  File "C:\highsierralabs\RHACO_Corpus_Explorer\.venv\Lib\site-packages\uvicorn\middleware\proxy_headers.py", line 63, in __call__
    return await self.app(scope, receive, send)
           ^^^^^^^^^^^^^^^^^^^^^^^^^^^^^^^^^^^^
  File "C:\highsierralabs\RHACO_Corpus_Explorer\.venv\Lib\site-packages\fastapi\applications.py", line 1163, in __call__
    await super().__call__(scope, receive, send)
  File "C:\highsierralabs\RHACO_Corpus_Explorer\.venv\Lib\site-packages\starlette\applications.py", line 96, in __call__
    await self.middleware_stack(scope, receive, send)
  File "C:\highsierralabs\RHACO_Corpus_Explorer\.venv\Lib\site-packages\starlette\middleware\errors.py", line 186, in __call__
    raise exc
  File "C:\highsierralabs\RHACO_Corpus_Explorer\.venv\Lib\site-packages\starlette\middleware\errors.py", line 164, in __call__
    await self.app(scope, receive, _send)
  File "C:\highsierralabs\RHACO_Corpus_Explorer\.venv\Lib\site-packages\starlette\middleware\exceptions.py", line 63, in __call__
    await wrap_app_handling_exceptions(self.app, conn)(scope, receive, send)
  File "C:\highsierralabs\RHACO_Corpus_Explorer\.venv\Lib\site-packages\starlette\_exception_handler.py", line 53, in wrapped_app
    raise exc
  File "C:\highsierralabs\RHACO_Corpus_Explorer\.venv\Lib\site-packages\starlette\_exception_handler.py", line 42, in wrapped_app
    await app(scope, receive, sender)
  File "C:\highsierralabs\RHACO_Corpus_Explorer\.venv\Lib\site-packages\fastapi\middleware\asyncexitstack.py", line 18, in __call__
    await self.app(scope, receive, send)
  File "C:\highsierralabs\RHACO_Corpus_Explorer\.venv\Lib\site-packages\starlette\routing.py", line 670, in __call__
    await self.middleware_stack(scope, receive, send)
  File "C:\highsierralabs\RHACO_Corpus_Explorer\.venv\Lib\site-packages\fastapi\routing.py", line 2734, in app
    await route.handle(scope, receive, send)
  File "C:\highsierralabs\RHACO_Corpus_Explorer\.venv\Lib\site-packages\fastapi\routing.py", line 1281, in handle
    await super().handle(scope, receive, send)
  File "C:\highsierralabs\RHACO_Corpus_Explorer\.venv\Lib\site-packages\starlette\routing.py", line 280, in handle
    await self.app(scope, receive, send)
  File "C:\highsierralabs\RHACO_Corpus_Explorer\.venv\Lib\site-packages\fastapi\routing.py", line 158, in app
    await wrap_app_handling_exceptions(app, request)(scope, receive, send)
  File "C:\highsierralabs\RHACO_Corpus_Explorer\.venv\Lib\site-packages\starlette\_exception_handler.py", line 53, in wrapped_app
    raise exc
  File "C:\highsierralabs\RHACO_Corpus_Explorer\.venv\Lib\site-packages\starlette\_exception_handler.py", line 42, in wrapped_app
    await app(scope, receive, sender)
  File "C:\highsierralabs\RHACO_Corpus_Explorer\.venv\Lib\site-packages\fastapi\routing.py", line 144, in app
    response = await f(request)
               ^^^^^^^^^^^^^^^^
  File "C:\highsierralabs\RHACO_Corpus_Explorer\.venv\Lib\site-packages\fastapi\routing.py", line 706, in app
    raw_response = await run_endpoint_function(
                   ^^^^^^^^^^^^^^^^^^^^^^^^^^^^
    ...<3 lines>...
    )
    ^
  File "C:\highsierralabs\RHACO_Corpus_Explorer\.venv\Lib\site-packages\fastapi\routing.py", line 354, in run_endpoint_function
    return await run_in_threadpool(dependant.call, **values)
           ^^^^^^^^^^^^^^^^^^^^^^^^^^^^^^^^^^^^^^^^^^^^^^^^^
  File "C:\highsierralabs\RHACO_Corpus_Explorer\.venv\Lib\site-packages\starlette\concurrency.py", line 34, in run_in_threadpool
    return await anyio.to_thread.run_sync(func)
           ^^^^^^^^^^^^^^^^^^^^^^^^^^^^^^^^^^^^
  File "C:\highsierralabs\RHACO_Corpus_Explorer\.venv\Lib\site-packages\anyio\to_thread.py", line 65, in run_sync
    return await get_async_backend().run_sync_in_worker_thread(
           ^^^^^^^^^^^^^^^^^^^^^^^^^^^^^^^^^^^^^^^^^^^^^^^^^^^^
        func, args, abandon_on_cancel=abandon_on_cancel, limiter=limiter
        ^^^^^^^^^^^^^^^^^^^^^^^^^^^^^^^^^^^^^^^^^^^^^^^^^^^^^^^^^^^^^^^^
    )
    ^
  File "C:\highsierralabs\RHACO_Corpus_Explorer\.venv\Lib\site-packages\anyio\_backends\_asyncio.py", line 2706, in run_sync_in_worker_thread
    return await future
           ^^^^^^^^^^^^
  File "C:\highsierralabs\RHACO_Corpus_Explorer\.venv\Lib\site-packages\anyio\_backends\_asyncio.py", line 1100, in run
    result = context.run(func, *args)
  File "C:\highsierralabs\RHACO_Corpus_Explorer\.worktrees\probe\explorer\reader\routes.py", line 65, in reader_page
    return templates.TemplateResponse(
           ~~~~~~~~~~~~~~~~~~~~~~~~~~^
        request, TEMPLATE,
        ^^^^^^^^^^^^^^^^^^
        {"adapter_absent": False, "not_found": False, "view": view, "card_ref": card_ref},
        ^^^^^^^^^^^^^^^^^^^^^^^^^^^^^^^^^^^^^^^^^^^^^^^^^^^^^^^^^^^^^^^^^^^^^^^^^^^^^^^^^^
    )
    ^
  File "C:\highsierralabs\RHACO_Corpus_Explorer\.venv\Lib\site-packages\starlette\templating.py", line 149, in TemplateResponse
    return _TemplateResponse(
        template,
    ...<4 lines>...
        background=background,
    )
  File "C:\highsierralabs\RHACO_Corpus_Explorer\.venv\Lib\site-packages\starlette\templating.py", line 43, in __init__
    content = template.render(context)
  File "C:\highsierralabs\RHACO_Corpus_Explorer\.venv\Lib\site-packages\jinja2\environment.py", line 1295, in render
    self.environment.handle_exception()
    ~~~~~~~~~~~~~~~~~~~~~~~~~~~~~~~~~^^
  File "C:\highsierralabs\RHACO_Corpus_Explorer\.venv\Lib\site-packages\jinja2\environment.py", line 942, in handle_exception
    raise rewrite_traceback_stack(source=source)
  File "C:\highsierralabs\RHACO_Corpus_Explorer\.worktrees\probe\explorer\reader\templates\reader\reader.html", line 1, in top-level template code
    {% extends "base.html" %}
  File "C:\highsierralabs\RHACO_Corpus_Explorer\.worktrees\probe\explorer\web\templates\base.html", line 28, in top-level template code
    {% block content %}{% endblock %}
    ^^^^^^^^^^^^^^^^^^^^^^^^^
  File "C:\highsierralabs\RHACO_Corpus_Explorer\.worktrees\probe\explorer\reader\templates\reader\reader.html", line 251, in block 'content'
    <pre>{{ view.card_parsed | tojson(indent=2) }}</pre>
    ^^^^^^^^^^^^^^^^^^^^^
  File "C:\highsierralabs\RHACO_Corpus_Explorer\.venv\Lib\site-packages\jinja2\filters.py", line 1721, in do_tojson
    return htmlsafe_json_dumps(value, dumps=dumps, **kwargs)
  File "C:\highsierralabs\RHACO_Corpus_Explorer\.venv\Lib\site-packages\jinja2\utils.py", line 669, in htmlsafe_json_dumps
    dumps(obj, **kwargs)
    ~~~~~^^^^^^^^^^^^^^^
  File "C:\Users\kgran\anaconda3\Lib\json\__init__.py", line 238, in dumps
    **kw).encode(obj)
          ~~~~~~^^^^^
  File "C:\Users\kgran\anaconda3\Lib\json\encoder.py", line 200, in encode
    chunks = self.iterencode(o, _one_shot=True)
  File "C:\Users\kgran\anaconda3\Lib\json\encoder.py", line 261, in iterencode
    return _iterencode(o, 0)
  File "C:\Users\kgran\anaconda3\Lib\json\encoder.py", line 180, in default
    raise TypeError(f'Object of type {o.__class__.__name__} '
                    f'is not JSON serializable')
TypeError: Object of type date is not JSON serializable
INFO:     127.0.0.1:60242 - "GET /api/lineage/reference/RHACO_Card_YAML_Schema_Specification_v1_8.card.yaml HTTP/1.1" 200 OK
INFO:     127.0.0.1:60238 - "GET /lineage/handoffs/RHACO-HND-20260903-001_Corpus_Explorer_Autonomous_Build_Dispatch_Amendment_A1_Cap_Rehome_And_Session_2_Findings.card.yaml HTTP/1.1" 200 OK
INFO:     127.0.0.1:60243 - "GET /api/lineage/handoffs/RHACO-HND-20260903-001_Corpus_Explorer_Autonomous_Build_Dispatch_Amendment_A1_Cap_Rehome_And_Session_2_Findings.card.yaml HTTP/1.1" 200 OK
INFO:     127.0.0.1:60238 - "GET /lineage/handoffs/RHACO-HND-20260903-001_Corpus_Explorer_Autonomous_Build_Dispatch.card.yaml HTTP/1.1" 200 OK
INFO:     127.0.0.1:60244 - "GET /api/lineage/handoffs/RHACO-HND-20260903-001_Corpus_Explorer_Autonomous_Build_Dispatch.card.yaml HTTP/1.1" 200 OK
INFO:     127.0.0.1:60245 - "GET /api/diagnostics HTTP/1.1" 200 OK
